[ujiberkala-dstj.dephub.go.id/qr/v1/rfid/OPEFBFACRC20112024122954.html]
[backblue.gif]
[fade.gif]
[index.html]
[ujiberkala-dstj.dephub.go.id/images/logo_kemenhub.png]
[ujiberkala-dstj.dephub.go.id/css/material-vendors.min.css]
[ujiberkala-dstj.dephub.go.id/css/blue.css]
[ujiberkala-dstj.dephub.go.id/js/material-vendors.min.js]
[ujiberkala-dstj.dephub.go.id/js/app-menu.js]
[ujiberkala-dstj.dephub.go.id/js/app.js]
[ujiberkala-dstj.dephub.go.id/js/material-app.js]
[ujiberkala-dstj.dephub.go.id/js/datatables.min.js]
[ujiberkala-dstj.dephub.go.id/cdn-cgi/scripts/7d0fa10a/cloudflare-static/rocket-loader.min.js]
[ujiberkala-dstj.dephub.go.id/qr/v1/rfid/OPEFBFACRC20112024122954.html]
[ujiberkala-dstj.dephub.go.id/css/material-vendors.min.css]
[ujiberkala-dstj.dephub.go.id/cdn-cgi/challenge-platform/h/b/scripts/jsd/e0c90b6a3ed1/maind41d.js]
[ujiberkala-dstj.dephub.go.id/css/blue.css]
[ujiberkala-dstj.dephub.go.id/images/bg-204ca.html]
[ujiberkala-dstj.dephub.go.id/images/top04ca.html]
[ujiberkala-dstj.dephub.go.id/images/img04ca.html]
[ujiberkala-dstj.dephub.go.id/images/details_open369b.html]
[ujiberkala-dstj.dephub.go.id/images/details_closea4f6.html]
[ujiberkala-dstj.dephub.go.id/images/breadcrumb0b91.html]
[ujiberkala-dstj.dephub.go.id/images/dark-menuf411.html]
[ujiberkala-dstj.dephub.go.id/images/sort_bothed78.html]
[ujiberkala-dstj.dephub.go.id/images/sort_ascddc2.html]
[ujiberkala-dstj.dephub.go.id/images/sort_desc3782.html]
[ujiberkala-dstj.dephub.go.id/images/sort_asc_disabledfbc8.html]
[ujiberkala-dstj.dephub.go.id/images/sort_desc_disableda637.html]
